// 同步 ID: 4bd5b29c @ Sat Jul 18 16:50:31 UTC 2026
// 同步 ID: 575cfae6 @ Sun Jul 19 04:28:28 UTC 2026
// 同步 ID: 8d5d4187 @ Sun Jul 19 07:12:58 UTC 2026
// 重构日志: 93beaa37
// 重构日志: b3ee69ec
// 重构日志: b5674e2b
// 重构日志: 6d8ecd6b
// 重构日志: fe7470cf
// 同步 ID: b66fe376 @ Mon Jul 20 19:01:52 UTC 2026
// 同步 ID: ddd3f6ed @ Thu Jul 23 00:51:29 UTC 2026
// 重构日志: 392e0cb3
// 重构日志: 217dbe23
// 重构日志: 6206324f
// 同步 ID: f6fa8f7c @ Thu Jul 23 16:48:39 UTC 2026
// 同步 ID: 8fb82d3f @ Fri Jul 24 07:38:05 UTC 2026
// 重构日志: a4c8bb3a
// 重构日志: 098b4f22
// 同步 ID: dc516a3e @ Fri Jul 24 18:46:12 UTC 2026
// 同步 ID: 264957d9 @ Sat Jul 25 04:31:06 UTC 2026
// 重构日志: 3a39f09a
// 重构日志: 29d1069a
// 同步 ID: 0cf4259f @ Sun Jul 26 14:53:34 UTC 2026
// 重构日志: a244df28
// 同步 ID: 0a4c2058 @ Sun Jul 26 20:25:02 UTC 2026
// 同步 ID: 1f2be5a7 @ Mon Jul 27 16:05:33 UTC 2026
// 重构日志: c3730b3b
// 重构日志: cf23b042
// 重构日志: 9e4e1350
// 同步 ID: 85c12771 @ Fri Jul 31 17:16:38 UTC 2026
// 同步 ID: 9dac0fe1 @ Sat Aug  1 00:17:17 UTC 2026
// 重构日志: 697244f5
// 重构日志: 9be39179
// 重构日志: 1de43937
